Archive member included to satisfy reference by file (symbol)

c:/program files (x86)/gnu arm embedded toolchain/10 2021.10/bin/../lib/gcc/arm-none-eabi/10.3.1/../../../../arm-none-eabi/lib/thumb/v7e-m+fp/hard\libg_nano.a(lib_a-errno.o)
                              ./ra/fsp/src/bsp/mcu/all/bsp_sbrk.o (__errno)
c:/program files (x86)/gnu arm embedded toolchain/10 2021.10/bin/../lib/gcc/arm-none-eabi/10.3.1/../../../../arm-none-eabi/lib/thumb/v7e-m+fp/hard\libg_nano.a(lib_a-exit.o)
                              c:/program files (x86)/gnu arm embedded toolchain/10 2021.10/bin/../lib/gcc/arm-none-eabi/10.3.1/../../../../arm-none-eabi/lib/thumb/v7e-m+fp/hard/rdimon-crt0.o (exit)
c:/program files (x86)/gnu arm embedded toolchain/10 2021.10/bin/../lib/gcc/arm-none-eabi/10.3.1/../../../../arm-none-eabi/lib/thumb/v7e-m+fp/hard\libg_nano.a(lib_a-impure.o)
                              c:/program files (x86)/gnu arm embedded toolchain/10 2021.10/bin/../lib/gcc/arm-none-eabi/10.3.1/../../../../arm-none-eabi/lib/thumb/v7e-m+fp/hard\libg_nano.a(lib_a-exit.o) (_global_impure_ptr)
c:/program files (x86)/gnu arm embedded toolchain/10 2021.10/bin/../lib/gcc/arm-none-eabi/10.3.1/../../../../arm-none-eabi/lib/thumb/v7e-m+fp/hard\libg_nano.a(lib_a-init.o)
                              c:/program files (x86)/gnu arm embedded toolchain/10 2021.10/bin/../lib/gcc/arm-none-eabi/10.3.1/../../../../arm-none-eabi/lib/thumb/v7e-m+fp/hard/rdimon-crt0.o (__libc_init_array)
c:/program files (x86)/gnu arm embedded toolchain/10 2021.10/bin/../lib/gcc/arm-none-eabi/10.3.1/../../../../arm-none-eabi/lib/thumb/v7e-m+fp/hard\libg_nano.a(lib_a-memcpy-stub.o)
                              ./ra/fsp/src/bsp/cmsis/Device/RENESAS/Source/system.o (memcpy)
c:/program files (x86)/gnu arm embedded toolchain/10 2021.10/bin/../lib/gcc/arm-none-eabi/10.3.1/../../../../arm-none-eabi/lib/thumb/v7e-m+fp/hard\libg_nano.a(lib_a-memset.o)
                              c:/program files (x86)/gnu arm embedded toolchain/10 2021.10/bin/../lib/gcc/arm-none-eabi/10.3.1/../../../../arm-none-eabi/lib/thumb/v7e-m+fp/hard/rdimon-crt0.o (memset)
c:/program files (x86)/gnu arm embedded toolchain/10 2021.10/bin/../lib/gcc/arm-none-eabi/10.3.1/../../../../arm-none-eabi/lib/thumb/v7e-m+fp/hard\librdimon_nano.a(rdimon-syscalls.o)
                              c:/program files (x86)/gnu arm embedded toolchain/10 2021.10/bin/../lib/gcc/arm-none-eabi/10.3.1/../../../../arm-none-eabi/lib/thumb/v7e-m+fp/hard/rdimon-crt0.o (initialise_monitor_handles)
c:/program files (x86)/gnu arm embedded toolchain/10 2021.10/bin/../lib/gcc/arm-none-eabi/10.3.1/../../../../arm-none-eabi/lib/thumb/v7e-m+fp/hard\librdimon_nano.a(rdimon-_exit.o)
                              c:/program files (x86)/gnu arm embedded toolchain/10 2021.10/bin/../lib/gcc/arm-none-eabi/10.3.1/../../../../arm-none-eabi/lib/thumb/v7e-m+fp/hard\libg_nano.a(lib_a-exit.o) (_exit)
c:/program files (x86)/gnu arm embedded toolchain/10 2021.10/bin/../lib/gcc/arm-none-eabi/10.3.1/../../../../arm-none-eabi/lib/thumb/v7e-m+fp/hard\librdimon_nano.a(rdimon-_kill.o)
                              c:/program files (x86)/gnu arm embedded toolchain/10 2021.10/bin/../lib/gcc/arm-none-eabi/10.3.1/../../../../arm-none-eabi/lib/thumb/v7e-m+fp/hard\librdimon_nano.a(rdimon-_exit.o) (_kill_shared)
c:/program files (x86)/gnu arm embedded toolchain/10 2021.10/bin/../lib/gcc/arm-none-eabi/10.3.1/../../../../arm-none-eabi/lib/thumb/v7e-m+fp/hard\libc_nano.a(lib_a-findfp.o)
                              c:/program files (x86)/gnu arm embedded toolchain/10 2021.10/bin/../lib/gcc/arm-none-eabi/10.3.1/../../../../arm-none-eabi/lib/thumb/v7e-m+fp/hard\librdimon_nano.a(rdimon-syscalls.o) (__sinit)
c:/program files (x86)/gnu arm embedded toolchain/10 2021.10/bin/../lib/gcc/arm-none-eabi/10.3.1/../../../../arm-none-eabi/lib/thumb/v7e-m+fp/hard\libc_nano.a(lib_a-fwalk.o)
                              c:/program files (x86)/gnu arm embedded toolchain/10 2021.10/bin/../lib/gcc/arm-none-eabi/10.3.1/../../../../arm-none-eabi/lib/thumb/v7e-m+fp/hard\libc_nano.a(lib_a-findfp.o) (_fwalk)
c:/program files (x86)/gnu arm embedded toolchain/10 2021.10/bin/../lib/gcc/arm-none-eabi/10.3.1/../../../../arm-none-eabi/lib/thumb/v7e-m+fp/hard\libc_nano.a(lib_a-lock.o)
                              c:/program files (x86)/gnu arm embedded toolchain/10 2021.10/bin/../lib/gcc/arm-none-eabi/10.3.1/../../../../arm-none-eabi/lib/thumb/v7e-m+fp/hard\libc_nano.a(lib_a-findfp.o) (__retarget_lock_init_recursive)
c:/program files (x86)/gnu arm embedded toolchain/10 2021.10/bin/../lib/gcc/arm-none-eabi/10.3.1/../../../../arm-none-eabi/lib/thumb/v7e-m+fp/hard\libc_nano.a(lib_a-nano-mallocr.o)
                              c:/program files (x86)/gnu arm embedded toolchain/10 2021.10/bin/../lib/gcc/arm-none-eabi/10.3.1/../../../../arm-none-eabi/lib/thumb/v7e-m+fp/hard\libc_nano.a(lib_a-findfp.o) (_malloc_r)
[...]
Memory Configuration

Name             Origin             Length             Attributes
ITCM             0x00000000         0x00000000         xr
DTCM             0x00000000         0x00000000         xrw
FLASH            0x00000000         0x00080000         xr
RAM              0x1ffe0000         0x00040000         xrw
DATA_FLASH       0x40100000         0x00002000         xr
QSPI_FLASH       0x60000000         0x04000000         xr
OSPI_DEVICE_0    0x80020000         0x00000000         xr
OSPI_DEVICE_1    0x80030000         0x00000000         xr
OSPI_DEVICE_0_RAM 0x80020000         0x00000000         xrw
OSPI_DEVICE_1_RAM 0x80030000         0x00000000         xrw
SDRAM            0x80010000         0x00000000         xrw
OPTION_SETTING   0x00000000         0x00000000         r
OPTION_SETTING_OFS 0x00000000         0x00000018         r
OPTION_SETTING_SAS 0x00000034         0xffffffcc         r
OPTION_SETTING_S 0x80000000         0x00000000         r
ID_CODE          0x0100a150         0x00000010         xr
*default*        0x00000000         0xffffffff

Linker script and memory map

LOAD c:/program files (x86)/gnu arm embedded toolchain/10 2021.10/bin/../lib/gcc/arm-none-eabi/10.3.1/thumb/v7e-m+fp/hard/crti.o
LOAD c:/program files (x86)/gnu arm embedded toolchain/10 2021.10/bin/../lib/gcc/arm-none-eabi/10.3.1/thumb/v7e-m+fp/hard/crtbegin.o
LOAD c:/program files (x86)/gnu arm embedded toolchain/10 2021.10/bin/../lib/gcc/arm-none-eabi/10.3.1/../../../../arm-none-eabi/lib/thumb/v7e-m+fp/hard/rdimon-crt0.o
START GROUP
LOAD ./test_app/test_app.o
LOAD ./src/hal_entry.o
LOAD ./ra_gen/common_data.o
LOAD ./ra_gen/hal_data.o
LOAD ./ra_gen/main.o
LOAD ./ra_gen/pin_data.o
LOAD ./ra_gen/vector_data.o
LOAD ./ra/fsp/src/r_ioport/r_ioport.o
LOAD ./ra/fsp/src/r_gpt/r_gpt.o
LOAD ./ra/fsp/src/bsp/mcu/all/bsp_clocks.o
LOAD ./ra/fsp/src/bsp/mcu/all/bsp_common.o
LOAD ./ra/fsp/src/bsp/mcu/all/bsp_delay.o
LOAD ./ra/fsp/src/bsp/mcu/all/bsp_group_irq.o
LOAD ./ra/fsp/src/bsp/mcu/all/bsp_guard.o
LOAD ./ra/fsp/src/bsp/mcu/all/bsp_io.o
LOAD ./ra/fsp/src/bsp/mcu/all/bsp_irq.o
LOAD ./ra/fsp/src/bsp/mcu/all/bsp_register_protection.o
LOAD ./ra/fsp/src/bsp/mcu/all/bsp_rom_registers.o
LOAD ./ra/fsp/src/bsp/mcu/all/bsp_sbrk.o
LOAD ./ra/fsp/src/bsp/mcu/all/bsp_security.o
LOAD ./ra/fsp/src/bsp/cmsis/Device/RENESAS/Source/startup.o
LOAD ./ra/fsp/src/bsp/cmsis/Device/RENESAS/Source/system.o
LOAD ./APPLICATION/commands.o
LOAD ./APPLICATION/sample.o
END GROUP
START GROUP
LOAD c:/program files (x86)/gnu arm embedded toolchain/10 2021.10/bin/../lib/gcc/arm-none-eabi/10.3.1/thumb/v7e-m+fp/hard\libgcc.a
LOAD c:/program files (x86)/gnu arm embedded toolchain/10 2021.10/bin/../lib/gcc/arm-none-eabi/10.3.1/../../../../arm-none-eabi/lib/thumb/v7e-m+fp/hard\libg_nano.a
LOAD c:/program files (x86)/gnu arm embedded toolchain/10 2021.10/bin/../lib/gcc/arm-none-eabi/10.3.1/../../../../arm-none-eabi/lib/thumb/v7e-m+fp/hard\libc_nano.a
END GROUP
START GROUP
LOAD c:/program files (x86)/gnu arm embedded toolchain/10 2021.10/bin/../lib/gcc/arm-none-eabi/10.3.1/thumb/v7e-m+fp/hard\libgcc.a
LOAD c:/program files (x86)/gnu arm embedded toolchain/10 2021.10/bin/../lib/gcc/arm-none-eabi/10.3.1/../../../../arm-none-eabi/lib/thumb/v7e-m+fp/hard\libc_nano.a
LOAD c:/program files (x86)/gnu arm embedded toolchain/10 2021.10/bin/../lib/gcc/arm-none-eabi/10.3.1/../../../../arm-none-eabi/lib/thumb/v7e-m+fp/hard\librdimon_nano.a
END GROUP
START GROUP
LOAD c:/program files (x86)/gnu arm embedded toolchain/10 2021.10/bin/../lib/gcc/arm-none-eabi/10.3.1/thumb/v7e-m+fp/hard\libgcc.a
LOAD c:/program files (x86)/gnu arm embedded toolchain/10 2021.10/bin/../lib/gcc/arm-none-eabi/10.3.1/../../../../arm-none-eabi/lib/thumb/v7e-m+fp/hard\libc_nano.a
LOAD c:/program files (x86)/gnu arm embedded toolchain/10 2021.10/bin/../lib/gcc/arm-none-eabi/10.3.1/../../../../arm-none-eabi/lib/thumb/v7e-m+fp/hard\librdimon_nano.a
END GROUP
LOAD c:/program files (x86)/gnu arm embedded toolchain/10 2021.10/bin/../lib/gcc/arm-none-eabi/10.3.1/thumb/v7e-m+fp/hard/crtend.o
LOAD c:/program files (x86)/gnu arm embedded toolchain/10 2021.10/bin/../lib/gcc/arm-none-eabi/10.3.1/thumb/v7e-m+fp/hard/crtn.o
                0x1ffe0000                RAM_START = 0x1ffe0000
                0x00040000                RAM_LENGTH = 0x40000
                0x00000000                FLASH_START = 0x0
                0x00080000                FLASH_LENGTH = 0x80000
                0x40100000                DATA_FLASH_START = 0x40100000
                0x00002000                DATA_FLASH_LENGTH = 0x2000
                0x00000000                OPTION_SETTING_START = 0x0
                0x00000000                OPTION_SETTING_LENGTH = 0x0
                0x80000000                OPTION_SETTING_S_START = 0x80000000
                0x00000000                OPTION_SETTING_S_LENGTH = 0x0
                0x0100a150                ID_CODE_START = 0x100a150
                0x00000010                ID_CODE_LENGTH = 0x10
                0x80010000                SDRAM_START = 0x80010000
                0x00000000                SDRAM_LENGTH = 0x0
                0x60000000                QSPI_FLASH_START = 0x60000000
                0x04000000                QSPI_FLASH_LENGTH = 0x4000000
                0x80020000                OSPI_DEVICE_0_START = 0x80020000
                0x00000000                OSPI_DEVICE_0_LENGTH = 0x0
                0x80030000                OSPI_DEVICE_1_START = 0x80030000
                0x00000000                OSPI_DEVICE_1_LENGTH = 0x0
                0x04000000                QSPI_FLASH_PRV_LENGTH = DEFINED (QSPI_FLASH_SIZE)?ABSOLUTE (QSPI_FLASH_SIZE):ABSOLUTE (QSPI_FLASH_LENGTH)
                0x00000000                OSPI_DEVICE_0_PRV_LENGTH = DEFINED (OSPI_DEVICE_0_SIZE)?ABSOLUTE (OSPI_DEVICE_0_SIZE):ABSOLUTE (OSPI_DEVICE_0_LENGTH)
                0x00000000                OSPI_DEVICE_1_PRV_LENGTH = DEFINED (OSPI_DEVICE_1_SIZE)?ABSOLUTE (OSPI_DEVICE_1_SIZE):ABSOLUTE (OSPI_DEVICE_1_LENGTH)
                0x00000000                __RESERVE_NS_RAM = ((! (DEFINED (PROJECT_NONSECURE)) && DEFINED (RAM_NS_BUFFER_LENGTH)) && (OPTION_SETTING_S_LENGTH != 0x0))
                0x00000000                ITCM_START = DEFINED (ITCM_START)?ITCM_START:0x0
                0x00000000                ITCM_LENGTH = DEFINED (ITCM_LENGTH)?ITCM_LENGTH:0x0
                0x00000000                DTCM_START = DEFINED (DTCM_START)?DTCM_START:0x0
                0x00000000                DTCM_LENGTH = DEFINED (DTCM_LENGTH)?DTCM_LENGTH:0x0
                0x00000000                NS_OFFSET_START = DEFINED (NS_OFFSET_START)?NS_OFFSET_START:0x0
                0x00000000                NS_IMAGE_OFFSET = DEFINED (PROJECT_NONSECURE)?NS_OFFSET_START:0x0
                0x00000000                RAM_NS_BUFFER_BLOCK_LENGTH = DEFINED (RAM_NS_BUFFER_LENGTH)?ALIGN (RAM_NS_BUFFER_LENGTH, 0x2000):0x0
                0x00000000                RAM_NS_BUFFER_LENGTH = DEFINED (RAM_NS_BUFFER_LENGTH)?RAM_NS_BUFFER_LENGTH:0x0
                0x20020000                RAM_NS_BUFFER_START = ((RAM_START + RAM_LENGTH) - RAM_NS_BUFFER_LENGTH)
                0x20020000                RAM_NS_BUFFER_BLOCK_START = ((RAM_START + RAM_LENGTH) - RAM_NS_BUFFER_BLOCK_LENGTH)
                0x00000080                OPTION_SETTING_START_NS = DEFINED (PROJECT_NONSECURE)?OPTION_SETTING_START:(OPTION_SETTING_START + 0x80)
                0x00000001                __bl_FSP_BOOTABLE_IMAGE = 0x1
                0x00000001                __bln_FSP_BOOTABLE_IMAGE = 0x1
                0x00000000                PROJECT_SECURE_OR_FLAT = (((! (DEFINED (PROJECT_NONSECURE)) || DEFINED (PROJECT_SECURE)) && OPTION_SETTING_LENGTH) && ! (DEFINED (FSP_BOOTABLE_IMAGE)))
                0x00000000                USE_OPTION_SETTING_NS = (DEFINED (PROJECT_NONSECURE) && ! (DEFINED (FSP_BOOTABLE_IMAGE)))
                0x00000000                __bl_FLASH_IMAGE_START = ! (DEFINED (FLASH_BOOTLOADER_LENGTH))?0x0:(FLASH_APPLICATION_IMAGE_NUMBER == 0x1)?(FLASH_BOOTLOADER_LENGTH + FLASH_BOOTLOADER_HEADER_LENGTH):(((FLASH_BOOTLOADER_LENGTH + FLASH_BOOTLOADER_SCRATCH_LENGTH) + FLASH_APPLICATION_S_LENGTH) + FLASH_BOOTLOADER_HEADER_LENGTH)
                0x00000000                __bl_FLASH_IMAGE_LENGTH = ! (DEFINED (FLASH_BOOTLOADER_LENGTH))?0x0:(FLASH_APPLICATION_S_LENGTH - FLASH_BOOTLOADER_HEADER_LENGTH)
                0x00000000                __bl_FLASH_IMAGE_END = (__bl_FLASH_IMAGE_START + __bl_FLASH_IMAGE_LENGTH)
                0x00000000                __bl_XIP_SECONDARY_FLASH_IMAGE_START = ! (DEFINED (FLASH_BOOTLOADER_LENGTH))?0x0:((FLASH_BOOTLOADER_LENGTH + FLASH_APPLICATION_S_LENGTH) + FLASH_BOOTLOADER_HEADER_LENGTH)
                0x00000000                __bl_XIP_SECONDARY_FLASH_IMAGE_END = (__bl_XIP_SECONDARY_FLASH_IMAGE_START + __bl_FLASH_IMAGE_LENGTH)
                0x00000000                __bl_FLASH_NS_START = ! (DEFINED (FLASH_BOOTLOADER_LENGTH))?0x0:(FLASH_APPLICATION_NS_LENGTH == 0x0)?__bl_FLASH_IMAGE_END:((__bl_FLASH_IMAGE_START - FLASH_BOOTLOADER_HEADER_LENGTH) + FLASH_APPLICATION_S_LENGTH)
                0x00000000                __bl_FLASH_NSC_START = ! (DEFINED (FLASH_BOOTLOADER_LENGTH))?0x0:(FLASH_APPLICATION_NS_LENGTH == 0x0)?__bl_FLASH_IMAGE_END:(__bl_FLASH_NS_START - FLASH_APPLICATION_NSC_LENGTH)
                0x00000000                __bl_RAM_NS_START = ! (DEFINED (FLASH_BOOTLOADER_LENGTH))?0x0:(FLASH_APPLICATION_NS_LENGTH == 0x0)?(RAM_START + RAM_LENGTH):((RAM_START + RAM_LENGTH) - RAM_APPLICATION_NS_LENGTH)
                0x00000000                __bl_RAM_NSC_START = ! (DEFINED (FLASH_BOOTLOADER_LENGTH))?0x0:(FLASH_APPLICATION_NS_LENGTH == 0x0)?(RAM_START + RAM_LENGTH):(__bl_RAM_NS_START - RAM_APPLICATION_NSC_LENGTH)
                0x00000000                __bl_FLASH_NS_IMAGE_START = ! (DEFINED (FLASH_BOOTLOADER_LENGTH))?0x0:(FLASH_APPLICATION_NS_LENGTH == 0x0)?__bl_FLASH_IMAGE_END:(__bl_FLASH_NS_START + FLASH_BOOTLOADER_HEADER_LENGTH_2)
                0x00000000                __bln_FLASH_IMAGE_START = __bl_FLASH_NS_IMAGE_START
                0x00000000                __bln_FLASH_IMAGE_LENGTH = ! (DEFINED (FLASH_BOOTLOADER_LENGTH))?0x0:(FLASH_APPLICATION_NS_LENGTH == 0x0)?__bl_FLASH_IMAGE_END:(FLASH_APPLICATION_NS_LENGTH - FLASH_BOOTLOADER_HEADER_LENGTH_2)
                0x00000000                XIP_SECONDARY_SLOT_IMAGE = DEFINED (XIP_SECONDARY_SLOT_IMAGE)?XIP_SECONDARY_SLOT_IMAGE:0x0
                0x00000000                FLASH_ORIGIN = ! (DEFINED (FLASH_IMAGE_START))?FLASH_START:(XIP_SECONDARY_SLOT_IMAGE == 0x1)?XIP_SECONDARY_FLASH_IMAGE_START:FLASH_IMAGE_START
                0x00080000                LIMITED_FLASH_LENGTH = DEFINED (FLASH_IMAGE_LENGTH)?FLASH_IMAGE_LENGTH:DEFINED (FLASH_BOOTLOADER_LENGTH)?FLASH_BOOTLOADER_LENGTH:FLASH_LENGTH
START GROUP
LOAD c:/program files (x86)/gnu arm embedded toolchain/10 2021.10/bin/../lib/gcc/arm-none-eabi/10.3.1/thumb/v7e-m+fp/hard\libgcc.a
LOAD c:/program files (x86)/gnu arm embedded toolchain/10 2021.10/bin/../lib/gcc/arm-none-eabi/10.3.1/../../../../arm-none-eabi/lib/thumb/v7e-m+fp/hard\libc.a
LOAD c:/program files (x86)/gnu arm embedded toolchain/10 2021.10/bin/../lib/gcc/arm-none-eabi/10.3.1/../../../../arm-none-eabi/lib/thumb/v7e-m+fp/hard\libm.a
LOAD c:/program files (x86)/gnu arm embedded toolchain/10 2021.10/bin/../lib/gcc/arm-none-eabi/10.3.1/../../../../arm-none-eabi/lib/thumb/v7e-m+fp/hard\libnosys.a
END GROUP

.itcm_data      0x00000000        0x0
                0x00000000                __tz_ITCM_S = ABSOLUTE (ITCM_START)
                0x00000000                __itcm_data_start__ = .
 *(.itcm_data*)
                0x00000000                __itcm_data_end__ = .
                0x00000000                __tz_ITCM_N = DEFINED (ITCM_NS_START)?ABSOLUTE (ITCM_NS_START):ALIGN (__itcm_data_end__, 0x2000)

.text           0x00000000     0x1cc8
                0x00000000                __tz_FLASH_S = ABSOLUTE (FLASH_START)
                0x00000000                __ROM_Start = .
 *(.fixed_vectors*)
 .fixed_vectors
                0x00000000       0x40 ./ra/fsp/src/bsp/cmsis/Device/RENESAS/Source/startup.o
                0x00000000                __Vectors
 *(.application_vectors*)
 .application_vectors
                0x00000040      0x180 ./ra_gen/vector_data.o
                0x00000040                g_vector_table
                0x000001c0                __Vectors_End = .
                0x00000400                . = (OPTION_SETTING_LENGTH > 0x0)?.:(__ROM_Start + 0x400)
 *fill*         0x000001c0      0x240 ff
 *(.rom_registers*)
 .rom_registers
                0x00000400       0x3c ./ra/fsp/src/bsp/mcu/all/bsp_rom_registers.o
                0x00000500                . = (OPTION_SETTING_LENGTH > 0x0)?.:(__ROM_Start + 0x500)
 *fill*         0x0000043c       0xc4 ff
                0x00000500                . = ALIGN (0x80)
 *(.mcuboot_sce9_key*)
 *(.text*)
 .text          0x00000500       0x40 c:/program files (x86)/gnu arm embedded toolchain/10 2021.10/bin/../lib/gcc/arm-none-eabi/10.3.1/thumb/v7e-m+fp/hard/crtbegin.o
 .text.R_BSP_WarmStart
                0x00000540       0x18 ./src/hal_entry.o
                0x00000540                R_BSP_WarmStart
 .text.PWM_DutyCycle_Fun
                0x00000558       0x50 ./src/hal_entry.o
                0x00000558                PWM_DutyCycle_Fun
 .text.Timer_CallBack
                0x000005a8       0x84 ./src/hal_entry.o
                0x000005a8                Timer_CallBack
 .text.Audio_Feedback
                0x0000062c      0x168 ./src/hal_entry.o
                0x0000062c                Audio_Feedback
 .text.hal_entry
                0x00000794       0x50 ./src/hal_entry.o
                0x00000794                hal_entry
 .text.startup.main
                0x000007e4        0xc ./ra_gen/main.o
                0x000007e4                main
 .text.R_IOPORT_Close
                0x000007f0        0x8 ./ra/fsp/src/r_ioport/r_ioport.o
                0x000007f0                R_IOPORT_Close
 .text.R_IOPORT_PinRead
                0x000007f8       0x1c ./ra/fsp/src/r_ioport/r_ioport.o
                0x000007f8                R_IOPORT_PinRead
 .text.R_IOPORT_PortRead
                0x00000814       0x14 ./ra/fsp/src/r_ioport/r_ioport.o
                0x00000814                R_IOPORT_PortRead
 .text.R_IOPORT_PortWrite
                0x00000828       0x1c ./ra/fsp/src/r_ioport/r_ioport.o
                0x00000828                R_IOPORT_PortWrite
 .text.R_IOPORT_PinWrite
                0x00000844       0x20 ./ra/fsp/src/r_ioport/r_ioport.o
                0x00000844                R_IOPORT_PinWrite
 .text.R_IOPORT_PortDirectionSet
                0x00000864       0x28 ./ra/fsp/src/r_ioport/r_ioport.o
                0x00000864                R_IOPORT_PortDirectionSet
 .text.R_IOPORT_PortEventInputRead
                0x0000088c       0x18 ./ra/fsp/src/r_ioport/r_ioport.o
                0x0000088c                R_IOPORT_PortEventInputRead
 .text.R_IOPORT_PinEventInputRead
                0x000008a4       0x30 ./ra/fsp/src/r_ioport/r_ioport.o
                0x000008a4                R_IOPORT_PinEventInputRead
 .text.R_IOPORT_PortEventOutputWrite
                0x000008d4       0x1c ./ra/fsp/src/r_ioport/r_ioport.o
                0x000008d4                R_IOPORT_PortEventOutputWrite
 .text.R_IOPORT_PinEventOutputWrite
                0x000008f0       0x38 ./ra/fsp/src/r_ioport/r_ioport.o
                0x000008f0                R_IOPORT_PinEventOutputWrite
 .text.bsp_vbatt_init
                0x00000928       0xac ./ra/fsp/src/r_ioport/r_ioport.o
 .text.r_ioport_pins_config
                0x000009d4       0xac ./ra/fsp/src/r_ioport/r_ioport.o
 .text.R_IOPORT_Open
                0x00000a80       0x18 ./ra/fsp/src/r_ioport/r_ioport.o
                0x00000a80                R_IOPORT_Open
 .text.R_IOPORT_PinsCfg
                0x00000a98        0xc ./ra/fsp/src/r_ioport/r_ioport.o
                0x00000a98                R_IOPORT_PinsCfg
 .text.R_IOPORT_PinCfg
                0x00000aa4       0xa8 ./ra/fsp/src/r_ioport/r_ioport.o
                0x00000aa4                R_IOPORT_PinCfg
 .text.R_GPT_Stop
                0x00000b4c        0xc ./ra/fsp/src/r_gpt/r_gpt.o
                0x00000b4c                R_GPT_Stop
 .text.R_GPT_Start
                0x00000b58        0xc ./ra/fsp/src/r_gpt/r_gpt.o
                0x00000b58                R_GPT_Start
 .text.r_gpt_call_callback
                0x00000b64       0x3c ./ra/fsp/src/r_gpt/r_gpt.o
 .text.R_GPT_InfoGet
                0x00000ba0       0x3c ./ra/fsp/src/r_gpt/r_gpt.o
                0x00000ba0                R_GPT_InfoGet
 .text.gpt_calculate_duty_cycle.isra.0
                0x00000bdc       0x64 ./ra/fsp/src/r_gpt/r_gpt.o
 .text.R_GPT_DutyCycleSet
                0x00000c40       0xc0 ./ra/fsp/src/r_gpt/r_gpt.o
                0x00000c40                R_GPT_DutyCycleSet
 .text.r_gpt_enable_irq
                0x00000d00       0x64 ./ra/fsp/src/r_gpt/r_gpt.o
 .text.R_GPT_Open
                0x00000d64      0x2a8 ./ra/fsp/src/r_gpt/r_gpt.o
                0x00000d64                R_GPT_Open
 .text.gpt_counter_overflow_isr
                0x0000100c       0x90 ./ra/fsp/src/r_gpt/r_gpt.o
                0x0000100c                gpt_counter_overflow_isr
 .text.SystemCoreClockUpdate
                0x0000109c       0x28 ./ra/fsp/src/bsp/mcu/all/bsp_clocks.o
                0x0000109c                SystemCoreClockUpdate
 .text.bsp_clock_init
                0x000010c4      0x110 ./ra/fsp/src/bsp/mcu/all/bsp_clocks.o
                0x000010c4                bsp_clock_init
 .text.bsp_init_internal
                0x000011d4        0x4 ./ra/fsp/src/bsp/mcu/all/bsp_common.o
                0x000011d4                bsp_init_internal
                0x000011d4                bsp_init
 .text.bsp_prv_software_delay_loop
                0x000011d8        0xc ./ra/fsp/src/bsp/mcu/all/bsp_delay.o
                0x000011d8                bsp_prv_software_delay_loop
 .text.R_BSP_SoftwareDelay
                0x000011e4       0x5c ./ra/fsp/src/bsp/mcu/all/bsp_delay.o
                0x000011e4                R_BSP_SoftwareDelay
 .text.NMI_Handler
                0x00001240       0x38 ./ra/fsp/src/bsp/mcu/all/bsp_group_irq.o
                0x00001240                NMI_Handler
 .text.bsp_irq_cfg
                0x00001278       0x28 ./ra/fsp/src/bsp/mcu/all/bsp_irq.o
                0x00001278                bsp_irq_cfg
 .text.R_BSP_RegisterProtectEnable
                0x000012a0       0x60 ./ra/fsp/src/bsp/mcu/all/bsp_register_protection.o
                0x000012a0                R_BSP_RegisterProtectEnable
 .text.R_BSP_RegisterProtectDisable
                0x00001300       0x54 ./ra/fsp/src/bsp/mcu/all/bsp_register_protection.o
                0x00001300                R_BSP_RegisterProtectDisable
 .text.Default_Handler
                0x00001354        0x4 ./ra/fsp/src/bsp/cmsis/Device/RENESAS/Source/startup.o
                0x00001354                DebugMon_Handler
                0x00001354                HardFault_Handler
                0x00001354                SysTick_Handler
                0x00001354                PendSV_Handler
                0x00001354                UsageFault_Handler
                0x00001354                SecureFault_Handler
                0x00001354                Default_Handler
                0x00001354                MemManage_Handler
                0x00001354                SVC_Handler
                0x00001354                BusFault_Handler
 .text.Reset_Handler
                0x00001358        0xc ./ra/fsp/src/bsp/cmsis/Device/RENESAS/Source/startup.o
                0x00001358                Reset_Handler
 .text.SystemInit
                0x00001364       0xb8 ./ra/fsp/src/bsp/cmsis/Device/RENESAS/Source/system.o
                0x00001364                SystemInit
 .text.Speaker_output
                0x0000141c       0x84 ./APPLICATION/commands.o
                0x0000141c                Speaker_output
 .text.R_decode_main
                0x000014a0      0x450 ./APPLICATION/commands.o
                0x000014a0                R_decode_main
 .text.R_InitDecInfo
                0x000018f0       0x10 ./APPLICATION/sample.o
                0x000018f0                R_InitDecInfo
 .text.R_InitRingBuffer
                0x00001900        0xc ./APPLICATION/sample.o
                0x00001900                R_InitRingBuffer
 .text.R_RingBufferSetData
                0x0000190c      0x10c ./APPLICATION/sample.o
                0x0000190c                R_RingBufferSetData
 .text.R_DecodeProc
                0x00001a18       0x38 ./APPLICATION/sample.o
                0x00001a18                R_DecodeProc
 .text.memcpy   0x00001a50       0x1c c:/program files (x86)/gnu arm embedded toolchain/10 2021.10/bin/../lib/gcc/arm-none-eabi/10.3.1/../../../../arm-none-eabi/lib/thumb/v7e-m+fp/hard\libg_nano.a(lib_a-memcpy-stub.o)
                0x00001a50                memcpy
 .text.memset   0x00001a6c       0x10 c:/program files (x86)/gnu arm embedded toolchain/10 2021.10/bin/../lib/gcc/arm-none-eabi/10.3.1/../../../../arm-none-eabi/lib/thumb/v7e-m+fp/hard\libg_nano.a(lib_a-memset.o)
                0x00001a6c                memset
 *(.version)
 .version       0x00001a7c       0x50 ./ra/fsp/src/bsp/mcu/all/bsp_common.o
 *(.init)
 .init          0x00001acc        0x4 c:/program files (x86)/gnu arm embedded toolchain/10 2021.10/bin/../lib/gcc/arm-none-eabi/10.3.1/thumb/v7e-m+fp/hard/crti.o
                0x00001acc                _init
 .init          0x00001ad0        0x8 c:/program files (x86)/gnu arm embedded toolchain/10 2021.10/bin/../lib/gcc/arm-none-eabi/10.3.1/thumb/v7e-m+fp/hard/crtn.o
 *(.fini)
 .fini          0x00001ad8        0x4 c:/program files (x86)/gnu arm embedded toolchain/10 2021.10/bin/../lib/gcc/arm-none-eabi/10.3.1/thumb/v7e-m+fp/hard/crti.o
                0x00001ad8                _fini
 .fini          0x00001adc        0x8 c:/program files (x86)/gnu arm embedded toolchain/10 2021.10/bin/../lib/gcc/arm-none-eabi/10.3.1/thumb/v7e-m+fp/hard/crtn.o
 *crtbegin.o(.ctors)
 *crtbegin?.o(.ctors)
 *(EXCLUDE_FILE(*crtend.o *crtend?.o) .ctors)
 *(SORT_BY_NAME(.ctors.*))
 *(.ctors)
 *crtbegin.o(.dtors)
 *crtbegin?.o(.dtors)
 *(EXCLUDE_FILE(*crtend.o *crtend?.o) .dtors)
 *(SORT_BY_NAME(.dtors.*))
 *(.dtors)
 *(.rodata*)
 .rodata.g_ioport
                0x00001ae4        0xc ./ra_gen/common_data.o
                0x00001ae4                g_ioport
 .rodata.g_timer0_cfg
                0x00001af0       0x20 ./ra_gen/hal_data.o
                0x00001af0                g_timer0_cfg
 .rodata.g_timer0_extend
                0x00001b10       0x30 ./ra_gen/hal_data.o
                0x00001b10                g_timer0_extend
 .rodata.g_timer1_cfg
                0x00001b40       0x20 ./ra_gen/hal_data.o
                0x00001b40                g_timer1_cfg
 .rodata.g_timer1_extend
                0x00001b60       0x30 ./ra_gen/hal_data.o
                0x00001b60                g_timer1_extend
 .rodata.g_bsp_pin_cfg
                0x00001b90        0x8 ./ra_gen/pin_data.o
                0x00001b90                g_bsp_pin_cfg
 .rodata.g_bsp_pin_cfg_data
                0x00001b98       0x30 ./ra_gen/pin_data.o
                0x00001b98                g_bsp_pin_cfg_data
 .rodata.g_interrupt_event_link_select
                0x00001bc8       0xc0 ./ra_gen/vector_data.o
                0x00001bc8                g_interrupt_event_link_select
 .rodata.g_ioport_on_ioport
                0x00001c88       0x34 ./ra/fsp/src/r_ioport/r_ioport.o
                0x00001c88                g_ioport_on_ioport
 .rodata.g_prcr_masks
                0x00001cbc        0x8 ./ra/fsp/src/bsp/mcu/all/bsp_register_protection.o
                0x00001cc4                __usb_dev_descriptor_start_fs = .
 *(.usb_device_desc_fs*)
                0x00001cc4                __usb_cfg_descriptor_start_fs = .
 *(.usb_config_desc_fs*)
                0x00001cc4                __usb_interface_descriptor_start_fs = .
 *(.usb_interface_desc_fs*)
                0x00001cc4                __usb_descriptor_end_fs = .
                0x00001cc4                __usb_dev_descriptor_start_hs = .
 *(.usb_device_desc_hs*)
                0x00001cc4                __usb_cfg_descriptor_start_hs = .
 *(.usb_config_desc_hs*)
                0x00001cc4                __usb_interface_descriptor_start_hs = .
 *(.usb_interface_desc_hs*)
                0x00001cc4                __usb_descriptor_end_hs = .
 *(.eh_frame*)
 .eh_frame      0x00001cc4        0x0 c:/program files (x86)/gnu arm embedded toolchain/10 2021.10/bin/../lib/gcc/arm-none-eabi/10.3.1/thumb/v7e-m+fp/hard/crtbegin.o
 .eh_frame      0x00001cc4        0x4 c:/program files (x86)/gnu arm embedded toolchain/10 2021.10/bin/../lib/gcc/arm-none-eabi/10.3.1/thumb/v7e-m+fp/hard/crtend.o
                0x00001cc8                __ROM_End = .
                0x000001c0                __Vectors_Size = (__Vectors_End - __Vectors)

.glue_7         0x00001cc8        0x0
 .glue_7        0x00001cc8        0x0 linker stubs

.glue_7t        0x00001cc8        0x0
 .glue_7t       0x00001cc8        0x0 linker stubs

.vfp11_veneer   0x00001cc8        0x0
 .vfp11_veneer  0x00001cc8        0x0 linker stubs

.v4_bx          0x00001cc8        0x0
 .v4_bx         0x00001cc8        0x0 linker stubs

.iplt           0x00001cc8        0x0
 .iplt          0x00001cc8        0x0 c:/program files (x86)/gnu arm embedded toolchain/10 2021.10/bin/../lib/gcc/arm-none-eabi/10.3.1/thumb/v7e-m+fp/hard/crtbegin.o

.ARM.extab
 *(.ARM.extab* .gnu.linkonce.armextab.*)
                0x00001cc8                __exidx_start = .

.ARM.exidx
 *(.ARM.exidx* .gnu.linkonce.armexidx.*)
                0x00001cc8                __exidx_end = .
                0x00001cc8                __etext = .
                0x1ffe0000                __tz_RAM_S = ORIGIN (RAM)

.fsp_dtc_vector_table
                0x1ffe0000        0x0
                0x1ffe0000                . = ORIGIN (RAM)
 *(.fsp_dtc_vector_table)

.data           0x1ffe0000       0xf8 load address 0x00001cc8
                0x1ffe0000                __data_start__ = .
                0x1ffe0000                . = ALIGN (0x4)
                0x1ffe0000                __Code_In_RAM_Start = .
 *(.code_in_ram*)
                0x1ffe0000                __Code_In_RAM_End = .
 *(vtable)
 *(.data.*)
 .data.word_count
                0x1ffe0000       0xf0 ./APPLICATION/commands.o
                0x1ffe0000                word_count
 *(.data)
                0x1ffe00f0                . = ALIGN (0x4)
                0x1ffe00f0                PROVIDE (__preinit_array_start = .)
 *(.preinit_array)
                0x1ffe00f0                PROVIDE (__preinit_array_end = .)
                0x1ffe00f0                . = ALIGN (0x4)
                0x1ffe00f0                PROVIDE (__init_array_start = .)
 *(SORT_BY_NAME(.init_array.*))
 *(.init_array)
 .init_array    0x1ffe00f0        0x4 c:/program files (x86)/gnu arm embedded toolchain/10 2021.10/bin/../lib/gcc/arm-none-eabi/10.3.1/thumb/v7e-m+fp/hard/crtbegin.o
                0x1ffe00f4                PROVIDE (__init_array_end = .)
                0x1ffe00f4                . = ALIGN (0x4)
                [!provide]                PROVIDE (__fini_array_start = .)
 *(SORT_BY_NAME(.fini_array.*))
 *(.fini_array)
 .fini_array    0x1ffe00f4        0x4 c:/program files (x86)/gnu arm embedded toolchain/10 2021.10/bin/../lib/gcc/arm-none-eabi/10.3.1/thumb/v7e-m+fp/hard/crtbegin.o
                [!provide]                PROVIDE (__fini_array_end = .)
 *(.jcr*)
                0x1ffe00f8                . = ALIGN (0x4)
                0x1ffe00f8                __data_end__ = .
                0x00001dc0                __dtcm_data_init_start = ((__etext + __data_end__) - __data_start__)

.igot.plt       0x1ffe00f8        0x0 load address 0x00001dc0
 .igot.plt      0x1ffe00f8        0x0 c:/program files (x86)/gnu arm embedded toolchain/10 2021.10/bin/../lib/gcc/arm-none-eabi/10.3.1/thumb/v7e-m+fp/hard/crtbegin.o

.dtcm_data      0x00000000        0x0 load address 0x00001dc0
                0x00000000                __tz_DTCM_S = ABSOLUTE (DTCM_START)
                0x00000000                __dtcm_data_start__ = .
 *(.dtcm_data*)
                0x00000000                __dtcm_data_end__ = .

.dtcm_noinit    0x00000000        0x0 load address 0x00001dc0
                0x00000000                __dtcm_noinit_start = .
 *(.dtcm_noinit*)
                0x00000000                __dtcm_noinit_end = .
                0x00000000                __tz_DTCM_N = DEFINED (DTCM_NS_START)?ABSOLUTE (DTCM_NS_START):ALIGN (__dtcm_noinit_end, 0x2000)
                0x00001dc0                DATA_END = (LOADADDR (.data) + SIZEOF (.data))
                0x00002000                SGSTUBS_LOC = (DEFINED (PROJECT_SECURE) && DEFINED (FLASH_NSC_START))?ABSOLUTE (FLASH_NSC_START):ALIGN (DATA_END, 0x400)

.gnu.sgstubs    0x00002000        0x0
                0x00002000                __tz_FLASH_C = DEFINED (FLASH_NSC_START)?ABSOLUTE (FLASH_NSC_START):__RESERVE_NS_RAM?ABSOLUTE ((FLASH_START + FLASH_LENGTH)):ALIGN (0x400)
                0x00002000                _start_sg = .
 *(.gnu.sgstubs*)
                0x00002000                . = ALIGN (0x20)
                0x00002000                _end_sg = .
                0x00008000                __tz_FLASH_N = DEFINED (FLASH_NS_START)?ABSOLUTE (FLASH_NS_START):__RESERVE_NS_RAM?ABSOLUTE ((FLASH_START + FLASH_LENGTH)):(FLASH_LENGTH < 0x8000)?FLASH_LENGTH:ALIGN (0x8000)
                0x00008000                FLASH_NS_IMAGE_START = DEFINED (FLASH_NS_IMAGE_START)?FLASH_NS_IMAGE_START:__tz_FLASH_N
                0x60000000                __tz_QSPI_FLASH_S = ORIGIN (QSPI_FLASH)

.qspi_flash     0x60000000        0x0
                0x60000000                __qspi_flash_start__ = .
 *(.qspi_flash*)
 *(.code_in_qspi*)
                0x60000000                __qspi_flash_end__ = .
                0x00000000                __qspi_flash_code_size__ = (__qspi_flash_end__ - __qspi_flash_start__)
                0x00001dc0                __qspi_flash_code_addr__ = (__etext + (__data_end__ - __data_start__))

.qspi_non_retentive
                0x60000000        0x0 load address 0x00001dc0
                0x60000000                __qspi_non_retentive_start__ = .
 *(.qspi_non_retentive*)
                0x60000000                __qspi_non_retentive_end__ = .
                0x00000000                __qspi_non_retentive_size__ = (__qspi_non_retentive_end__ - __qspi_non_retentive_start__)
                0x04000000                __qspi_region_max_size__ = 0x4000000
                0x60000000                __qspi_region_start_address__ = __qspi_flash_start__
                0x64000000                __qspi_region_end_address__ = (__qspi_flash_start__ + __qspi_region_max_size__)
                0x60000000                __tz_QSPI_FLASH_N = __qspi_non_retentive_end__

.OSPI_DEVICE_0_NO_LOAD
                0x80020000        0x0
                0x80020000                . = ALIGN (0x4)
                0x80020000                __ospi_device_0_start__ = .
 *(.ospi_device_0_no_load*)
                0x80020000                . = ALIGN (0x4)
                0x80020000                __ospi_device_0_end__ = .

.OSPI_DEVICE_1_NO_LOAD
                0x80030000        0x0
                0x80030000                . = ALIGN (0x4)
                0x80030000                __ospi_device_1_start__ = .
 *(.ospi_device_1_no_load*)
                0x80030000                . = ALIGN (0x4)
                0x80030000                __ospi_device_1_end__ = .
                0x80020000                __tz_OSPI_DEVICE_0_S = ORIGIN (OSPI_DEVICE_0)

.OSPI_DEVICE_0  0x80020000        0x0
                0x80020000                __ospi_device_0_start__ = .
 *(.ospi_device_0*)
 *(.code_in_ospi_device_0*)
                0x80020000                __ospi_device_0_end__ = .
                0x00000000                __ospi_device_0_code_size__ = (__ospi_device_0_end__ - __ospi_device_0_start__)
                0x00001dc0                __ospi_device_0_code_addr__ = (__etext + (__data_end__ - __data_start__))

.ospi_device_0_non_retentive
                0x80020000        0x0 load address 0x00001dc0
                0x80020000                __ospi_device_0_non_retentive_start__ = .
 *(.ospi_device_0_non_retentive*)
                0x80020000                __ospi_device_0_non_retentive_end__ = .
                0x00000000                __ospi_device_0_non_retentive_size__ = (__ospi_device_0_non_retentive_end__ - __ospi_device_0_non_retentive_start__)
                0x08000000                __ospi_device_0_region_max_size__ = 0x8000000
                0x80020000                __ospi_device_0_region_start_address__ = __ospi_device_0_start__
                0x88020000                __ospi_device_0_region_end_address__ = (__ospi_device_0_start__ + __ospi_device_0_region_max_size__)
                0x80020000                __tz_OSPI_DEVICE_0_N = __ospi_device_0_non_retentive_end__
                0x80030000                __tz_OSPI_DEVICE_1_S = ORIGIN (OSPI_DEVICE_1)

.OSPI_DEVICE_1  0x80030000        0x0
                0x80030000                __ospi_device_1_start__ = .
 *(.ospi_device_1*)
 *(.code_in_ospi_device_1*)
                0x80030000                __ospi_device_1_end__ = .
                0x00000000                __ospi_device_1_code_size__ = (__ospi_device_1_end__ - __ospi_device_1_start__)
                0x00001dc0                __ospi_device_1_code_addr__ = (__etext + (__data_end__ - __data_start__))

.ospi_device_1_non_retentive
                0x80030000        0x0 load address 0x00001dc0
                0x80030000                __ospi_device_1_non_retentive_start__ = .
 *(.ospi_device_1_non_retentive*)
                0x80030000                __ospi_device_1_non_retentive_end__ = .
                0x00000000                __ospi_device_1_non_retentive_size__ = (__ospi_device_1_non_retentive_end__ - __ospi_device_1_non_retentive_start__)
                0x10000000                __ospi_device_1_region_max_size__ = 0x10000000
                0x80030000                __ospi_device_1_region_start_address__ = __ospi_device_1_start__
                0x90030000                __ospi_device_1_region_end_address__ = (__ospi_device_1_start__ + __ospi_device_1_region_max_size__)
                0x80030000                __tz_OSPI_DEVICE_1_N = __ospi_device_1_non_retentive_end__

.noinit         0x1ffe00f8       0x18
                0x1ffe00f8                . = ALIGN (0x4)
                0x1ffe00f8                __noinit_start = .
 *(.noinit*)
 .noinit        0x1ffe00f8       0x18 ./ra/fsp/src/bsp/mcu/all/bsp_clocks.o
                0x1ffe0110                . = ALIGN (0x8)
 *(.heap.*)
                0x1ffe0110                __noinit_end = .

.bss            0x1ffe0110      0x2ec
                0x1ffe0110                . = ALIGN (0x4)
                0x1ffe0110                __bss_start__ = .
 *(.bss*)
 .bss           0x1ffe0110       0x1c c:/program files (x86)/gnu arm embedded toolchain/10 2021.10/bin/../lib/gcc/arm-none-eabi/10.3.1/thumb/v7e-m+fp/hard/crtbegin.o
 .bss.Counter   0x1ffe012c        0x4 ./src/hal_entry.o
                0x1ffe012c                Counter
 .bss.Dummy_Buffer
                0x1ffe0130        0x4 ./src/hal_entry.o
                0x1ffe0130                Dummy_Buffer
 .bss.Num_Buffer
                0x1ffe0134        0x4 ./src/hal_entry.o
                0x1ffe0134                Num_Buffer
 .bss.Number    0x1ffe0138        0x1 ./src/hal_entry.o
                0x1ffe0138                Number
 *fill*         0x1ffe0139        0x3 
 .bss.Temp_Buffer
                0x1ffe013c        0x4 ./src/hal_entry.o
                0x1ffe013c                Temp_Buffer
 .bss.store_Buffer
                0x1ffe0140        0x4 ./src/hal_entry.o
                0x1ffe0140                store_Buffer
 .bss.var       0x1ffe0144        0x4 ./src/hal_entry.o
 .bss.var1      0x1ffe0148        0x1 ./src/hal_entry.o
                0x1ffe0148                var1
 *fill*         0x1ffe0149        0x3 
 .bss.voice_command
                0x1ffe014c        0x4 ./src/hal_entry.o
                0x1ffe014c                voice_command
 .bss.g_ioport_ctrl
                0x1ffe0150        0x8 ./ra_gen/common_data.o
                0x1ffe0150                g_ioport_ctrl
 .bss.g_timer0_ctrl
                0x1ffe0158       0x20 ./ra_gen/hal_data.o
                0x1ffe0158                g_timer0_ctrl
 .bss.g_timer1_ctrl
                0x1ffe0178       0x20 ./ra_gen/hal_data.o
                0x1ffe0178                g_timer1_ctrl
 .bss.g_bsp_group_irq_sources
                0x1ffe0198       0x40 ./ra/fsp/src/bsp/mcu/all/bsp_group_irq.o
                0x1ffe0198                g_bsp_group_irq_sources
 .bss.g_protect_pfswe_counter
                0x1ffe01d8        0x4 ./ra/fsp/src/bsp/mcu/all/bsp_io.o
                0x1ffe01d8                g_protect_pfswe_counter
 .bss.gp_renesas_isr_context
                0x1ffe01dc      0x180 ./ra/fsp/src/bsp/mcu/all/bsp_irq.o
                0x1ffe01dc                gp_renesas_isr_context
 .bss.g_protect_counters
                0x1ffe035c        0x8 ./ra/fsp/src/bsp/mcu/all/bsp_register_protection.o
                0x1ffe035c                g_protect_counters
 .bss.SystemCoreClock
                0x1ffe0364        0x4 ./ra/fsp/src/bsp/cmsis/Device/RENESAS/Source/system.o
                0x1ffe0364                SystemCoreClock
 .bss.PCM_DATA_SIZE1
                0x1ffe0368        0x4 ./APPLICATION/commands.o
                0x1ffe0368                PCM_DATA_SIZE1
 .bss.NEAR_FLAG_ACCESS_FLAG
                0x1ffe036c        0x1 ./APPLICATION/sample.o
                0x1ffe036c                NEAR_FLAG_ACCESS_FLAG
 *fill*         0x1ffe036d        0x3 
 .bss.g_dec_info0
                0x1ffe0370       0x1c ./APPLICATION/sample.o
                0x1ffe0370                g_dec_info0
 .bss.g_rbf0    0x1ffe038c       0x5c ./APPLICATION/sample.o
                0x1ffe038c                g_rbf0
 .bss.g_st_adpcm0
                0x1ffe03e8       0x14 ./APPLICATION/sample.o
                0x1ffe03e8                g_st_adpcm0
 *(COMMON)
                0x1ffe03fc                . = ALIGN (0x4)
                0x1ffe03fc                __bss_end__ = .

.heap           0x1ffe03fc        0x4
                0x1ffe0400                . = ALIGN (0x8)
 *fill*         0x1ffe03fc        0x4 
                0x1ffe0400                __HeapBase = .
 *(.heap)
                0x1ffe0400                __HeapLimit = .

.stack_dummy    0x1ffe0400      0x400
                0x1ffe0400                . = ALIGN (0x8)
                0x1ffe0400                __StackLimit = .
 *(.stack)
 .stack         0x1ffe0400      0x400 ./ra/fsp/src/bsp/cmsis/Device/RENESAS/Source/startup.o
                0x1ffe0800                __StackTop = .
 *(.stack*)
                0x1ffe0800                __StackTopAll = .
                0x1ffe0800                PROVIDE (__stack = __StackTopAll)
                0x1ffe0800                __RAM_segment_used_end__ = ALIGN (__StackTopAll, 0x4)
                0x1ffe0800                __tz_RAM_C = DEFINED (RAM_NSC_START)?ABSOLUTE ((RAM_NSC_START - RAM_NS_BUFFER_BLOCK_LENGTH)):__RESERVE_NS_RAM?ABSOLUTE (RAM_NS_BUFFER_BLOCK_START):ALIGN (__RAM_segment_used_end__, 0x400)
                0x1ffe2000                __tz_RAM_N = DEFINED (RAM_NS_START)?ABSOLUTE ((RAM_NS_START - RAM_NS_BUFFER_BLOCK_LENGTH)):__RESERVE_NS_RAM?ABSOLUTE (RAM_NS_BUFFER_BLOCK_START):ALIGN (__tz_RAM_C, 0x2000)

.ns_buffer      0x1ffe0800        0x0
                0x1ffe0800                . = __RESERVE_NS_RAM?ABSOLUTE ((RAM_NS_BUFFER_START & 0xffffffe0)):.
 *(.ns_buffer*)

.data_flash     0x40100000        0x0
                0x40100000                . = ORIGIN (DATA_FLASH)
                0x40100000                __tz_DATA_FLASH_S = .
                0x40100000                __Data_Flash_Start = .
 *(.data_flash*)
                0x40100000                __Data_Flash_End = .
                0x40100000                __tz_DATA_FLASH_N = DEFINED (DATA_FLASH_NS_START)?ABSOLUTE (DATA_FLASH_NS_START):__RESERVE_NS_RAM?ABSOLUTE ((DATA_FLASH_START + DATA_FLASH_LENGTH)):ALIGN (0x400)
                0x80010000                __tz_SDRAM_S = ORIGIN (SDRAM)

.sdram          0x80010000        0x0
                0x80010000                __SDRAM_Start = .
 *(.sdram*)
 *(.frame*)
                0x80010000                __SDRAM_End = .
                0x80010000                __tz_SDRAM_N = __SDRAM_End
                0x0100a150                __tz_ID_CODE_S = ORIGIN (ID_CODE)

.id_code        0x0100a150       0x10
                0x0100a150                __ID_Code_Start = .
 *(.id_code*)
 .id_code       0x0100a150       0x10 ./ra/fsp/src/bsp/mcu/all/bsp_rom_registers.o
                0x0100a160                __ID_Code_End = .
                0x0100a160                __tz_ID_CODE_N = __ID_Code_End
                0x00000000                __tz_OPTION_SETTING_S = ORIGIN (OPTION_SETTING_OFS)

.rel.dyn        0x0100a160        0x0
 .rel.iplt      0x0100a160        0x0 c:/program files (x86)/gnu arm embedded toolchain/10 2021.10/bin/../lib/gcc/arm-none-eabi/10.3.1/thumb/v7e-m+fp/hard/crtbegin.o

.option_setting_ofs
                0x00000000        0x0
                0x00000000                __OPTION_SETTING_OFS_Start = .
 *(.option_setting_ofs0)
                0x00000000                . = PROJECT_SECURE_OR_FLAT?(__OPTION_SETTING_OFS_Start + 0x4):__OPTION_SETTING_OFS_Start
 *(.option_setting_ofs2)
                0x00000000                . = PROJECT_SECURE_OR_FLAT?(__OPTION_SETTING_OFS_Start + 0x10):__OPTION_SETTING_OFS_Start
 *(.option_setting_dualsel)
                0x00000000                __OPTION_SETTING_OFS_End = .

.option_setting_sas
                0x00000034        0x0
                0x00000034                __OPTION_SETTING_SAS_Start = .
 *(.option_setting_sas)
                0x00000034                __OPTION_SETTING_SAS_End = .
                0x00000080                __tz_OPTION_SETTING_N = ABSOLUTE (OPTION_SETTING_START_NS)

.option_setting_ns
                0x00000000        0x0
                0x00000000                __OPTION_SETTING_NS_Start = .
 *(.option_setting_ofs1)
                0x00000000                . = USE_OPTION_SETTING_NS?(__OPTION_SETTING_NS_Start + 0x4):__OPTION_SETTING_NS_Start
 *(.option_setting_ofs3)
                0x00000000                . = USE_OPTION_SETTING_NS?(__OPTION_SETTING_NS_Start + 0x10):__OPTION_SETTING_NS_Start
 *(.option_setting_banksel)
                0x00000000                . = USE_OPTION_SETTING_NS?(__OPTION_SETTING_NS_Start + 0x40):__OPTION_SETTING_NS_Start
 *(.option_setting_bps0)
                0x00000000                . = USE_OPTION_SETTING_NS?(__OPTION_SETTING_NS_Start + 0x44):__OPTION_SETTING_NS_Start
 *(.option_setting_bps1)
                0x00000000                . = USE_OPTION_SETTING_NS?(__OPTION_SETTING_NS_Start + 0x48):__OPTION_SETTING_NS_Start
 *(.option_setting_bps2)
                0x00000000                . = USE_OPTION_SETTING_NS?(__OPTION_SETTING_NS_Start + 0x4c):__OPTION_SETTING_NS_Start
 *(.option_setting_bps3)
                0x00000000                . = USE_OPTION_SETTING_NS?(__OPTION_SETTING_NS_Start + 0x60):__OPTION_SETTING_NS_Start
 *(.option_setting_pbps0)
                0x00000000                . = USE_OPTION_SETTING_NS?(__OPTION_SETTING_NS_Start + 0x64):__OPTION_SETTING_NS_Start
 *(.option_setting_pbps1)
                0x00000000                . = USE_OPTION_SETTING_NS?(__OPTION_SETTING_NS_Start + 0x68):__OPTION_SETTING_NS_Start
 *(.option_setting_pbps2)
                0x00000000                . = USE_OPTION_SETTING_NS?(__OPTION_SETTING_NS_Start + 0x6c):__OPTION_SETTING_NS_Start
 *(.option_setting_pbps3)
                0x00000000                __OPTION_SETTING_NS_End = .
                0x80000000                __tz_OPTION_SETTING_S_S = ORIGIN (OPTION_SETTING_S)

.option_setting_s
                0x80000000        0x0
                0x80000000                __OPTION_SETTING_S_Start = .
 *(.option_setting_ofs1_sec)
                0x80000000                . = PROJECT_SECURE_OR_FLAT?(__OPTION_SETTING_S_Start + 0x4):__OPTION_SETTING_S_Start
 *(.option_setting_ofs3_sec)
                0x80000000                . = PROJECT_SECURE_OR_FLAT?(__OPTION_SETTING_S_Start + 0x10):__OPTION_SETTING_S_Start
 *(.option_setting_banksel_sec)
                0x80000000                . = PROJECT_SECURE_OR_FLAT?(__OPTION_SETTING_S_Start + 0x40):__OPTION_SETTING_S_Start
 *(.option_setting_bps_sec0)
                0x80000000                . = PROJECT_SECURE_OR_FLAT?(__OPTION_SETTING_S_Start + 0x44):__OPTION_SETTING_S_Start
 *(.option_setting_bps_sec1)
                0x80000000                . = PROJECT_SECURE_OR_FLAT?(__OPTION_SETTING_S_Start + 0x48):__OPTION_SETTING_S_Start
 *(.option_setting_bps_sec2)
                0x80000000                . = PROJECT_SECURE_OR_FLAT?(__OPTION_SETTING_S_Start + 0x4c):__OPTION_SETTING_S_Start
 *(.option_setting_bps_sec3)
                0x80000000                . = PROJECT_SECURE_OR_FLAT?(__OPTION_SETTING_S_Start + 0x60):__OPTION_SETTING_S_Start
 *(.option_setting_pbps_sec0)
                0x80000000                . = PROJECT_SECURE_OR_FLAT?(__OPTION_SETTING_S_Start + 0x64):__OPTION_SETTING_S_Start
 *(.option_setting_pbps_sec1)
                0x80000000                . = PROJECT_SECURE_OR_FLAT?(__OPTION_SETTING_S_Start + 0x68):__OPTION_SETTING_S_Start
 *(.option_setting_pbps_sec2)
                0x80000000                . = PROJECT_SECURE_OR_FLAT?(__OPTION_SETTING_S_Start + 0x6c):__OPTION_SETTING_S_Start
 *(.option_setting_pbps_sec3)
                0x80000000                . = PROJECT_SECURE_OR_FLAT?(__OPTION_SETTING_S_Start + 0x80):__OPTION_SETTING_S_Start
 *(.option_setting_ofs1_sel)
                0x80000000                . = PROJECT_SECURE_OR_FLAT?(__OPTION_SETTING_S_Start + 0x84):__OPTION_SETTING_S_Start
 *(.option_setting_ofs3_sel)
                0x80000000                . = PROJECT_SECURE_OR_FLAT?(__OPTION_SETTING_S_Start + 0x90):__OPTION_SETTING_S_Start
 *(.option_setting_banksel_sel)
                0x80000000                . = PROJECT_SECURE_OR_FLAT?(__OPTION_SETTING_S_Start + 0xc0):__OPTION_SETTING_S_Start
 *(.option_setting_bps_sel0)
                0x80000000                . = PROJECT_SECURE_OR_FLAT?(__OPTION_SETTING_S_Start + 0xc4):__OPTION_SETTING_S_Start
 *(.option_setting_bps_sel1)
                0x80000000                . = PROJECT_SECURE_OR_FLAT?(__OPTION_SETTING_S_Start + 0xc8):__OPTION_SETTING_S_Start
 *(.option_setting_bps_sel2)
                0x80000000                . = PROJECT_SECURE_OR_FLAT?(__OPTION_SETTING_S_Start + 0xcc):__OPTION_SETTING_S_Start
 *(.option_setting_bps_sel3)
                0x80000000                __OPTION_SETTING_S_End = .
                0x80000000                __tz_OPTION_SETTING_S_N = __OPTION_SETTING_S_End
OUTPUT(RA6M1_Proj.elf elf32-littlearm)
LOAD linker stubs

.ARM.attributes
                0x00000000       0x30
 .ARM.attributes
                0x00000000       0x1e c:/program files (x86)/gnu arm embedded toolchain/10 2021.10/bin/../lib/gcc/arm-none-eabi/10.3.1/thumb/v7e-m+fp/hard/crti.o
 .ARM.attributes
                0x0000001e       0x34 c:/program files (x86)/gnu arm embedded toolchain/10 2021.10/bin/../lib/gcc/arm-none-eabi/10.3.1/thumb/v7e-m+fp/hard/crtbegin.o
 .ARM.attributes
                0x00000052       0x34 ./src/hal_entry.o
 .ARM.attributes
                0x00000086       0x34 ./ra_gen/common_data.o
 .ARM.attributes
                0x000000ba       0x34 ./ra_gen/hal_data.o
 .ARM.attributes
                0x000000ee       0x34 ./ra_gen/main.o
 .ARM.attributes
                0x00000122       0x34 ./ra_gen/pin_data.o
 .ARM.attributes
                0x00000156       0x34 ./ra_gen/vector_data.o
 .ARM.attributes
                0x0000018a       0x34 ./ra/fsp/src/r_ioport/r_ioport.o
 .ARM.attributes
                0x000001be       0x34 ./ra/fsp/src/r_gpt/r_gpt.o
 .ARM.attributes
                0x000001f2       0x34 ./ra/fsp/src/bsp/mcu/all/bsp_clocks.o
 .ARM.attributes
                0x00000226       0x34 ./ra/fsp/src/bsp/mcu/all/bsp_common.o
 .ARM.attributes
                0x0000025a       0x34 ./ra/fsp/src/bsp/mcu/all/bsp_delay.o
 .ARM.attributes
                0x0000028e       0x34 ./ra/fsp/src/bsp/mcu/all/bsp_group_irq.o
 .ARM.attributes
                0x000002c2       0x34 ./ra/fsp/src/bsp/mcu/all/bsp_io.o
 .ARM.attributes
                0x000002f6       0x34 ./ra/fsp/src/bsp/mcu/all/bsp_irq.o
 .ARM.attributes
                0x0000032a       0x34 ./ra/fsp/src/bsp/mcu/all/bsp_register_protection.o
 .ARM.attributes
                0x0000035e       0x34 ./ra/fsp/src/bsp/mcu/all/bsp_rom_registers.o
 .ARM.attributes
                0x00000392       0x34 ./ra/fsp/src/bsp/cmsis/Device/RENESAS/Source/startup.o
 .ARM.attributes
                0x000003c6       0x34 ./ra/fsp/src/bsp/cmsis/Device/RENESAS/Source/system.o
 .ARM.attributes
                0x000003fa       0x34 ./APPLICATION/commands.o
 .ARM.attributes
                0x0000042e       0x34 ./APPLICATION/sample.o
 .ARM.attributes
                0x00000462       0x34 c:/program files (x86)/gnu arm embedded toolchain/10 2021.10/bin/../lib/gcc/arm-none-eabi/10.3.1/../../../../arm-none-eabi/lib/thumb/v7e-m+fp/hard\libg_nano.a(lib_a-memcpy-stub.o)
 .ARM.attributes
                0x00000496       0x34 c:/program files (x86)/gnu arm embedded toolchain/10 2021.10/bin/../lib/gcc/arm-none-eabi/10.3.1/../../../../arm-none-eabi/lib/thumb/v7e-m+fp/hard\libg_nano.a(lib_a-memset.o)
 .ARM.attributes
                0x000004ca       0x34 c:/program files (x86)/gnu arm embedded toolchain/10 2021.10/bin/../lib/gcc/arm-none-eabi/10.3.1/thumb/v7e-m+fp/hard/crtend.o
 .ARM.attributes
                0x000004fe       0x1e c:/program files (x86)/gnu arm embedded toolchain/10 2021.10/bin/../lib/gcc/arm-none-eabi/10.3.1/thumb/v7e-m+fp/hard/crtn.o

.comment        0x00000000       0x49
 .comment       0x00000000       0x49 ./src/hal_entry.o
                                 0x4a (size before relaxing)
 .comment       0x00000049       0x4a ./ra_gen/common_data.o
 .comment       0x00000049       0x4a ./ra_gen/hal_data.o
 .comment       0x00000049       0x4a ./ra_gen/main.o
 .comment       0x00000049       0x4a ./ra_gen/pin_data.o
 .comment       0x00000049       0x4a ./ra_gen/vector_data.o
 .comment       0x00000049       0x4a ./ra/fsp/src/r_ioport/r_ioport.o
 .comment       0x00000049       0x4a ./ra/fsp/src/r_gpt/r_gpt.o
 .comment       0x00000049       0x4a ./ra/fsp/src/bsp/mcu/all/bsp_clocks.o
 .comment       0x00000049       0x4a ./ra/fsp/src/bsp/mcu/all/bsp_common.o
 .comment       0x00000049       0x4a ./ra/fsp/src/bsp/mcu/all/bsp_delay.o
 .comment       0x00000049       0x4a ./ra/fsp/src/bsp/mcu/all/bsp_group_irq.o
 .comment       0x00000049       0x4a ./ra/fsp/src/bsp/mcu/all/bsp_io.o
 .comment       0x00000049       0x4a ./ra/fsp/src/bsp/mcu/all/bsp_irq.o
 .comment       0x00000049       0x4a ./ra/fsp/src/bsp/mcu/all/bsp_register_protection.o
 .comment       0x00000049       0x4a ./ra/fsp/src/bsp/mcu/all/bsp_rom_registers.o
 .comment       0x00000049       0x4a ./ra/fsp/src/bsp/cmsis/Device/RENESAS/Source/startup.o
 .comment       0x00000049       0x4a ./ra/fsp/src/bsp/cmsis/Device/RENESAS/Source/system.o
 .comment       0x00000049       0x4a ./APPLICATION/commands.o
 .comment       0x00000049       0x4a ./APPLICATION/sample.o

.debug_info     0x00000000    0x2c89e
 .debug_info    0x00000000     0x39d2 ./src/hal_entry.o
 .debug_info    0x000039d2     0x1207 ./ra_gen/common_data.o
 .debug_info    0x00004bd9     0x3457 ./ra_gen/hal_data.o
 .debug_info    0x00008030       0xaa ./ra_gen/main.o
 .debug_info    0x000080da      0xa07 ./ra_gen/pin_data.o
 .debug_info    0x00008ae1      0x864 ./ra_gen/vector_data.o
 .debug_info    0x00009345     0x6c45 ./ra/fsp/src/r_ioport/r_ioport.o
 .debug_info    0x0000ff8a     0xa1f6 ./ra/fsp/src/r_gpt/r_gpt.o
 .debug_info    0x0001a180     0x489f ./ra/fsp/src/bsp/mcu/all/bsp_clocks.o
 .debug_info    0x0001ea1f      0x916 ./ra/fsp/src/bsp/mcu/all/bsp_common.o
 .debug_info    0x0001f335      0x1c1 ./ra/fsp/src/bsp/mcu/all/bsp_delay.o
 .debug_info    0x0001f4f6     0x13d8 ./ra/fsp/src/bsp/mcu/all/bsp_group_irq.o
 .debug_info    0x000208ce       0xa3 ./ra/fsp/src/bsp/mcu/all/bsp_io.o
 .debug_info    0x00020971     0x1399 ./ra/fsp/src/bsp/mcu/all/bsp_irq.o
 .debug_info    0x00021d0a     0x3cb8 ./ra/fsp/src/bsp/mcu/all/bsp_register_protection.o
 .debug_info    0x000259c2       0xd6 ./ra/fsp/src/bsp/mcu/all/bsp_rom_registers.o
 .debug_info    0x00025a98      0x141 ./ra/fsp/src/bsp/cmsis/Device/RENESAS/Source/startup.o
 .debug_info    0x00025bd9     0x114f ./ra/fsp/src/bsp/cmsis/Device/RENESAS/Source/system.o
 .debug_info    0x00026d28     0x318c ./APPLICATION/commands.o
 .debug_info    0x00029eb4     0x29ea ./APPLICATION/sample.o

.debug_abbrev   0x00000000     0x2a28
 .debug_abbrev  0x00000000      0x2d8 ./src/hal_entry.o
 .debug_abbrev  0x000002d8      0x150 ./ra_gen/common_data.o
 .debug_abbrev  0x00000428      0x274 ./ra_gen/hal_data.o
 .debug_abbrev  0x0000069c       0x66 ./ra_gen/main.o
 .debug_abbrev  0x00000702       0xdc ./ra_gen/pin_data.o
 .debug_abbrev  0x000007de       0xa7 ./ra_gen/vector_data.o
 .debug_abbrev  0x00000885      0x421 ./ra/fsp/src/r_ioport/r_ioport.o
 .debug_abbrev  0x00000ca6      0x68b ./ra/fsp/src/r_gpt/r_gpt.o
 .debug_abbrev  0x00001331      0x3fa ./ra/fsp/src/bsp/mcu/all/bsp_clocks.o
 .debug_abbrev  0x0000172b      0x172 ./ra/fsp/src/bsp/mcu/all/bsp_common.o
 .debug_abbrev  0x0000189d       0xf7 ./ra/fsp/src/bsp/mcu/all/bsp_delay.o
 .debug_abbrev  0x00001994      0x254 ./ra/fsp/src/bsp/mcu/all/bsp_group_irq.o
 .debug_abbrev  0x00001be8       0x5e ./ra/fsp/src/bsp/mcu/all/bsp_io.o
 .debug_abbrev  0x00001c46      0x1ad ./ra/fsp/src/bsp/mcu/all/bsp_irq.o
 .debug_abbrev  0x00001df3      0x277 ./ra/fsp/src/bsp/mcu/all/bsp_register_protection.o
 .debug_abbrev  0x0000206a       0x5f ./ra/fsp/src/bsp/mcu/all/bsp_rom_registers.o
 .debug_abbrev  0x000020c9       0xe6 ./ra/fsp/src/bsp/cmsis/Device/RENESAS/Source/startup.o
 .debug_abbrev  0x000021af      0x276 ./ra/fsp/src/bsp/cmsis/Device/RENESAS/Source/system.o
 .debug_abbrev  0x00002425      0x266 ./APPLICATION/commands.o
 .debug_abbrev  0x0000268b      0x39d ./APPLICATION/sample.o

.debug_loc      0x00000000     0x3a63
 .debug_loc     0x00000000      0x10d ./src/hal_entry.o
 .debug_loc     0x0000010d      0xf50 ./ra/fsp/src/r_ioport/r_ioport.o
 .debug_loc     0x0000105d     0x1b7d ./ra/fsp/src/r_gpt/r_gpt.o
 .debug_loc     0x00002bda      0x495 ./ra/fsp/src/bsp/mcu/all/bsp_clocks.o
 .debug_loc     0x0000306f       0x25 ./ra/fsp/src/bsp/mcu/all/bsp_common.o
 .debug_loc     0x00003094      0x201 ./ra/fsp/src/bsp/mcu/all/bsp_delay.o
 .debug_loc     0x00003295       0xaa ./ra/fsp/src/bsp/mcu/all/bsp_group_irq.o
 .debug_loc     0x0000333f       0x3f ./ra/fsp/src/bsp/mcu/all/bsp_irq.o
 .debug_loc     0x0000337e      0x105 ./ra/fsp/src/bsp/mcu/all/bsp_register_protection.o
 .debug_loc     0x00003483       0x65 ./ra/fsp/src/bsp/cmsis/Device/RENESAS/Source/system.o
 .debug_loc     0x000034e8      0x57b ./APPLICATION/sample.o

.debug_aranges  0x00000000      0x488
 .debug_aranges
                0x00000000       0x40 ./src/hal_entry.o
 .debug_aranges
                0x00000040       0x20 ./ra_gen/common_data.o
 .debug_aranges
                0x00000060       0x20 ./ra_gen/hal_data.o
 .debug_aranges
                0x00000080       0x20 ./ra_gen/main.o
 .debug_aranges
                0x000000a0       0x18 ./ra_gen/pin_data.o
 .debug_aranges
                0x000000b8       0x18 ./ra_gen/vector_data.o
 .debug_aranges
                0x000000d0       0x90 ./ra/fsp/src/r_ioport/r_ioport.o
 .debug_aranges
                0x00000160       0xe0 ./ra/fsp/src/r_gpt/r_gpt.o
 .debug_aranges
                0x00000240       0x70 ./ra/fsp/src/bsp/mcu/all/bsp_clocks.o
 .debug_aranges
                0x000002b0       0x30 ./ra/fsp/src/bsp/mcu/all/bsp_common.o
 .debug_aranges
                0x000002e0       0x28 ./ra/fsp/src/bsp/mcu/all/bsp_delay.o
 .debug_aranges
                0x00000308       0x28 ./ra/fsp/src/bsp/mcu/all/bsp_group_irq.o
 .debug_aranges
                0x00000330       0x18 ./ra/fsp/src/bsp/mcu/all/bsp_io.o
 .debug_aranges
                0x00000348       0x20 ./ra/fsp/src/bsp/mcu/all/bsp_irq.o
 .debug_aranges
                0x00000368       0x28 ./ra/fsp/src/bsp/mcu/all/bsp_register_protection.o
 .debug_aranges
                0x00000390       0x18 ./ra/fsp/src/bsp/mcu/all/bsp_rom_registers.o
 .debug_aranges
                0x000003a8       0x28 ./ra/fsp/src/bsp/cmsis/Device/RENESAS/Source/startup.o
 .debug_aranges
                0x000003d0       0x28 ./ra/fsp/src/bsp/cmsis/Device/RENESAS/Source/system.o
 .debug_aranges
                0x000003f8       0x30 ./APPLICATION/commands.o
 .debug_aranges
                0x00000428       0x60 ./APPLICATION/sample.o

.debug_ranges   0x00000000      0x8e0
 .debug_ranges  0x00000000       0x30 ./src/hal_entry.o
 .debug_ranges  0x00000030       0x10 ./ra_gen/common_data.o
 .debug_ranges  0x00000040       0x10 ./ra_gen/hal_data.o
 .debug_ranges  0x00000050       0x10 ./ra_gen/main.o
 .debug_ranges  0x00000060      0x128 ./ra/fsp/src/r_ioport/r_ioport.o
 .debug_ranges  0x00000188      0x420 ./ra/fsp/src/r_gpt/r_gpt.o
 .debug_ranges  0x000005a8      0x158 ./ra/fsp/src/bsp/mcu/all/bsp_clocks.o
 .debug_ranges  0x00000700       0x20 ./ra/fsp/src/bsp/mcu/all/bsp_common.o
 .debug_ranges  0x00000720       0x18 ./ra/fsp/src/bsp/mcu/all/bsp_delay.o
 .debug_ranges  0x00000738       0x50 ./ra/fsp/src/bsp/mcu/all/bsp_group_irq.o
 .debug_ranges  0x00000788       0x28 ./ra/fsp/src/bsp/mcu/all/bsp_irq.o
 .debug_ranges  0x000007b0       0x48 ./ra/fsp/src/bsp/mcu/all/bsp_register_protection.o
 .debug_ranges  0x000007f8       0x18 ./ra/fsp/src/bsp/cmsis/Device/RENESAS/Source/startup.o
 .debug_ranges  0x00000810       0x18 ./ra/fsp/src/bsp/cmsis/Device/RENESAS/Source/system.o
 .debug_ranges  0x00000828       0x20 ./APPLICATION/commands.o
 .debug_ranges  0x00000848       0x98 ./APPLICATION/sample.o

.debug_line     0x00000000     0x61f1
 .debug_line    0x00000000      0x6b6 ./src/hal_entry.o
 .debug_line    0x000006b6      0x2e4 ./ra_gen/common_data.o
 .debug_line    0x0000099a      0x313 ./ra_gen/hal_data.o
 .debug_line    0x00000cad       0x5e ./ra_gen/main.o
 .debug_line    0x00000d0b      0x1b8 ./ra_gen/pin_data.o
 .debug_line    0x00000ec3       0xf9 ./ra_gen/vector_data.o
 .debug_line    0x00000fbc      0xb4f ./ra/fsp/src/r_ioport/r_ioport.o
 .debug_line    0x00001b0b     0x16f7 ./ra/fsp/src/r_gpt/r_gpt.o
 .debug_line    0x00003202      0x8ea ./ra/fsp/src/bsp/mcu/all/bsp_clocks.o
 .debug_line    0x00003aec      0x257 ./ra/fsp/src/bsp/mcu/all/bsp_common.o
 .debug_line    0x00003d43      0x28d ./ra/fsp/src/bsp/mcu/all/bsp_delay.o
 .debug_line    0x00003fd0      0x2f4 ./ra/fsp/src/bsp/mcu/all/bsp_group_irq.o
 .debug_line    0x000042c4      0x16f ./ra/fsp/src/bsp/mcu/all/bsp_io.o
 .debug_line    0x00004433      0x2ba ./ra/fsp/src/bsp/mcu/all/bsp_irq.o
 .debug_line    0x000046ed      0x3aa ./ra/fsp/src/bsp/mcu/all/bsp_register_protection.o
 .debug_line    0x00004a97      0x121 ./ra/fsp/src/bsp/mcu/all/bsp_rom_registers.o
 .debug_line    0x00004bb8      0x1f3 ./ra/fsp/src/bsp/cmsis/Device/RENESAS/Source/startup.o
 .debug_line    0x00004dab      0x425 ./ra/fsp/src/bsp/cmsis/Device/RENESAS/Source/system.o
 .debug_line    0x000051d0      0x8ed ./APPLICATION/commands.o
 .debug_line    0x00005abd      0x734 ./APPLICATION/sample.o

.debug_str      0x00000000     0xb8e5
 .debug_str     0x00000000     0x455f ./src/hal_entry.o
                               0x4623 (size before relaxing)
 .debug_str     0x0000455f       0x47 ./ra_gen/common_data.o
                               0x3258 (size before relaxing)
 .debug_str     0x000045a6      0xc9d ./ra_gen/hal_data.o
                               0x3873 (size before relaxing)
 .debug_str     0x00005243       0x11 ./ra_gen/main.o
                                0x1bc (size before relaxing)
 .debug_str     0x00005254      0x648 ./ra_gen/pin_data.o
                               0x1d3e (size before relaxing)
 .debug_str     0x0000589c     0x1d04 ./ra_gen/vector_data.o
                               0x1e9a (size before relaxing)
 .debug_str     0x000075a0     0x1ee9 ./ra/fsp/src/r_ioport/r_ioport.o
                               0x5638 (size before relaxing)
 .debug_str     0x00009489     0x149f ./ra/fsp/src/r_gpt/r_gpt.o
                               0x6467 (size before relaxing)
 .debug_str     0x0000a928      0x6e9 ./ra/fsp/src/bsp/mcu/all/bsp_clocks.o
                               0x208d (size before relaxing)
 .debug_str     0x0000b011      0x10b ./ra/fsp/src/bsp/mcu/all/bsp_common.o
                               0x1b6c (size before relaxing)
 .debug_str     0x0000b11c       0xbc ./ra/fsp/src/bsp/mcu/all/bsp_delay.o
                                0x2e5 (size before relaxing)
 .debug_str     0x0000b1d8      0x1de ./ra/fsp/src/bsp/mcu/all/bsp_group_irq.o
                               0x2077 (size before relaxing)
 .debug_str     0x0000b3b6       0x23 ./ra/fsp/src/bsp/mcu/all/bsp_io.o
                                0x1e5 (size before relaxing)
 .debug_str     0x0000b3d9       0x30 ./ra/fsp/src/bsp/mcu/all/bsp_irq.o
                               0x2316 (size before relaxing)
 .debug_str     0x0000b409       0x88 ./ra/fsp/src/bsp/mcu/all/bsp_register_protection.o
                               0x19bb (size before relaxing)
 .debug_str     0x0000b491       0x51 ./ra/fsp/src/bsp/mcu/all/bsp_rom_registers.o
                                0x1fb (size before relaxing)
 .debug_str     0x0000b4e2       0x82 ./ra/fsp/src/bsp/cmsis/Device/RENESAS/Source/startup.o
                                0x22f (size before relaxing)
 .debug_str     0x0000b564      0x16b ./ra/fsp/src/bsp/cmsis/Device/RENESAS/Source/system.o
                                0x88d (size before relaxing)
 .debug_str     0x0000b6cf      0x142 ./APPLICATION/commands.o
                               0x2957 (size before relaxing)
 .debug_str     0x0000b811       0xd4 ./APPLICATION/sample.o
                               0x13db (size before relaxing)

.debug_frame    0x00000000      0x910
 .debug_frame   0x00000000       0xb0 ./src/hal_entry.o
 .debug_frame   0x000000b0       0x20 ./ra_gen/common_data.o
 .debug_frame   0x000000d0       0x20 ./ra_gen/hal_data.o
 .debug_frame   0x000000f0       0x28 ./ra_gen/main.o
 .debug_frame   0x00000118      0x164 ./ra/fsp/src/r_ioport/r_ioport.o
 .debug_frame   0x0000027c      0x280 ./ra/fsp/src/r_gpt/r_gpt.o
 .debug_frame   0x000004fc       0xf0 ./ra/fsp/src/bsp/mcu/all/bsp_clocks.o
 .debug_frame   0x000005ec       0x40 ./ra/fsp/src/bsp/mcu/all/bsp_common.o
 .debug_frame   0x0000062c       0x44 ./ra/fsp/src/bsp/mcu/all/bsp_delay.o
 .debug_frame   0x00000670       0x3c ./ra/fsp/src/bsp/mcu/all/bsp_group_irq.o
 .debug_frame   0x000006ac       0x2c ./ra/fsp/src/bsp/mcu/all/bsp_irq.o
 .debug_frame   0x000006d8       0x48 ./ra/fsp/src/bsp/mcu/all/bsp_register_protection.o
 .debug_frame   0x00000720       0x38 ./ra/fsp/src/bsp/cmsis/Device/RENESAS/Source/startup.o
 .debug_frame   0x00000758       0x44 ./ra/fsp/src/bsp/cmsis/Device/RENESAS/Source/system.o
 .debug_frame   0x0000079c       0x60 ./APPLICATION/commands.o
 .debug_frame   0x000007fc       0xcc ./APPLICATION/sample.o
 .debug_frame   0x000008c8       0x28 c:/program files (x86)/gnu arm embedded toolchain/10 2021.10/bin/../lib/gcc/arm-none-eabi/10.3.1/../../../../arm-none-eabi/lib/thumb/v7e-m+fp/hard\libg_nano.a(lib_a-memcpy-stub.o)
 .debug_frame   0x000008f0       0x20 c:/program files (x86)/gnu arm embedded toolchain/10 2021.10/bin/../lib/gcc/arm-none-eabi/10.3.1/../../../../arm-none-eabi/lib/thumb/v7e-m+fp/hard\libg_nano.a(lib_a-memset.o)
